// Jest Snapshot v1, https://goo.gl/fbAQLP

exports[`_app Renders correctly enzyme 1`] = `
<Provider
  store={
    Object {
      "@@observable": [Function],
      "dispatch": [Function],
      "getState": [Function],
      "replaceReducer": [Function],
      "subscribe": [Function],
    }
  }
>
  <Themeconfig
    emotionCache={
      Object {
        "insert": [Function],
        "inserted": Object {},
        "key": "css",
        "nonce": undefined,
        "registered": Object {},
        "sheet": StyleSheet {
          "_insertTag": [Function],
          "before": null,
          "container": <head />,
          "ctr": 0,
          "insertionPoint": undefined,
          "isSpeedy": false,
          "key": "css",
          "nonce": undefined,
          "prepend": undefined,
          "tags": Array [],
        },
      }
    }
  >
    <SnackbarProvider
      TransitionComponent={
        Object {
          "$$typeof": Symbol(react.forward_ref),
          "propTypes": Object {
            "addEndListener": [Function],
            "appear": [Function],
            "children": [Function],
            "container": [Function],
            "direction": [Function],
            "easing": [Function],
            "in": [Function],
            "onEnter": [Function],
            "onEntered": [Function],
            "onEntering": [Function],
            "onExit": [Function],
            "onExited": [Function],
            "onExiting": [Function],
            "style": [Function],
            "timeout": [Function],
          },
          "render": [Function],
        }
      }
      anchorOrigin={
        Object {
          "horizontal": "center",
          "vertical": "bottom",
        }
      }
      content={[Function]}
      maxSnack={5}
    >
      <Meta />
      <Layout />
    </SnackbarProvider>
  </Themeconfig>
</Provider>
`;
